
> mercado-jaguar@0.1.0 build
> vite build

[36mvite v5.4.21 [32mbuilding for production...[36m[39m
transforming...
[32mÔ£ô[39m 76 modules transformed.
node.exe : [31mx[39m Build 
failed in 1.13s
En línea: 1 Carácter: 1
+ & "C:\Program 
Files\nodejs/node.exe" 
"C:\Program 
Files\nodejs/node_mo ...
+ ~~~~~~~~~~~~~~~~~~~~~~~~~~~~
~~~~~~~~~~~~~~~~~~~~~~~~~~~~~~
~~~~~~~~~~~
    + CategoryInfo          : 
    NotSpecified: ([31mx[3  
  9m Build failed in 1.13s:   
 String) [], RemoteExcepti    
on
    + FullyQualifiedErrorId : 
    NativeCommandError
 
[31merror during build:
[31m[vite-plugin-pwa:build] 
[plugin 
vite-plugin-pwa:build] There 
was an error during the build:
  [vite]: Rollup failed to 
resolve import "geolib" from "
C:/Users/Intel/OneDrive/Escrit
orio/Gravity practica/src/hook
s/usePassportScanner.js".
This is most likely 
unintended because it can 
break your application at 
runtime.
If you do want to externalize 
this module explicitly add it 
to
`build.rollupOptions.external`
Additionally, handling the 
error in the 'buildEnd' hook 
caused the following error:
  [vite]: Rollup failed to 
resolve import "geolib" from "
C:/Users/Intel/OneDrive/Escrit
orio/Gravity practica/src/hook
s/usePassportScanner.js".
This is most likely 
unintended because it can 
break your application at 
runtime.
If you do want to externalize 
this module explicitly add it 
to
`build.rollupOptions.external`
[31m
    at getRollupError (file://
/C:/Users/Intel/OneDrive/Escri
torio/Gravity%20practica/node_
modules/rollup/dist/es/shared/
parseAst.js:401:41)
    at file:///C:/Users/Intel/
OneDrive/Escritorio/Gravity%20
practica/node_modules/rollup/d
ist/es/shared/node-entry.js:23
467:39
    at async 
catchUnfinishedHookActions (fi
le:///C:/Users/Intel/OneDrive/
Escritorio/Gravity%20practica/
node_modules/rollup/dist/es/sh
ared/node-entry.js:22925:16)
    at async rollupInternal (f
ile:///C:/Users/Intel/OneDrive
/Escritorio/Gravity%20practica
/node_modules/rollup/dist/es/s
hared/node-entry.js:23450:5)
    at async build (file:///C:
/Users/Intel/OneDrive/Escritor
io/Gravity%20practica/node_mod
ules/vite/dist/node/chunks/dep
-BK3b2jBa.js:65709:14)
    at async CAC.<anonymous> (
file:///C:/Users/Intel/OneDriv
e/Escritorio/Gravity%20practic
a/node_modules/vite/dist/node/
cli.js:829:5)[39m
